[cfo268.wixsite.com/my-site-19.html]
[static.parastorage.com/unpkg/core-js-bundle@3.2.1/minified.js]
[static.parastorage.com/unpkg/focus-within-polyfill@5.0.9/dist/focus-within-polyfill.js]
[backblue.gif]
[fade.gif]
[index.html]
[polyfill.io/v3/polyfill.mind82c.js]
[cfo268.wixsite.com/my-site-19/blog-feed.xml]
[cfo268.wixsite.com/index.html]
[cfo268.wixsite.com/my-site-19/memberships.html]
[static.wixstatic.com/media/c837a6_470529e9efbe4ad4ad20de88cdd3d313f000.jpg/v1/fill/w_147,h_83,al_c,q_80,usm_0.66_1.00_0.01,blur_2,enc_auto/c837a6_470529e9efbe4ad4ad20de88cdd3d313f000.jpg]
[static.wixstatic.com/media/c837a6_f4b7131cdf74496bb977f86a6d2ddad2_mv2.jpg/v1/crop/x_1599,y_1082,w_1516,h_2622/fill/w_109,h_189,al_c,q_80,usm_0.66_1.00_0.01,blur_3,enc_auto/shutterstock_315693245-edit.jpg]
[static.wixstatic.com/media/c837a6_5ad7cc8ca9614761ae321d96b2fa20a4_mv2.jpg/v1/crop/x_74,y_0,w_2365,h_1413/fill/w_534,h_311,al_c,q_80,usm_0.66_1.00_0.01,enc_au/Screen Shot 2021-02-16 at 12_23_23-edit_.8.del]
[cfo268.wixsite.com/my-site-19/cart-page.html]
[cfo268.wixsite.com/my-site-19/our-approach.html]
[static.wixstatic.com/media/c837a6_ca3acf50e83e4cd78534cc34b8339ae3_mv2.png/v1/fill/w_49,h_22,al_c,q_85,usm_0.66_1.00_0.01,blur_2,enc_auto/c837a6_ca3acf50e83e4cd78534cc34b8339ae3_mv2.png]
[cfo268.wixsite.com/_https_/images-vod.wixmp.com/c837a6d8-f31f-4e14-9740-9122ecf7eb53/images/7b29db552ef6467d8af3aae4f2a2c86c_mv2/v1/fill/w_320,h_180,q_85,usm_0.66_1.00_0.01,enc_auto/file.c.delayed]
[cfo268.wixsite.com/_https_/images-vod.wixmp.com/c837a6d8-f31f-4e14-9740-9122ecf7eb53/images/e14ed8631a704c1e893f2d6c5bda2446_mv2/v1/fill/w_320,h_180,q_85,usm_0.66_1.00_0.01,enc_auto/file.d.delayed]
[cfo268.wixsite.com/_https_/images-vod.wixmp.com/c837a6d8-f31f-4e14-9740-9122ecf7eb53/images/012245021de948278f93179654f9652b_mv2/v1/fill/w_320,h_180,q_85,usm_0.66_1.00_0.01,enc_auto/file.f.delayed]
[static.wixstatic.com/media/c837a6_a7fb77c2dc024944b9f4de6055601ecf_mv2.png/v1/fill/w_49,h_18,al_c,q_85,usm_0.66_1.00_0.01,blur_2,enc_auto/c837a6_a7fb77c2dc024944b9f4de6055601ecf_mv2.png]
[static.wixstatic.com/media/c837a6_6220996a81aa44b6a27ae6eaafeeb997_mv2.jpg/v1/fill/w_179,h_179,al_c,q_80,usm_0.66_1.00_0.01,blur_3,enc_auto/shutterstock_721917490-cropped.jpg]
[static.wixstatic.com/media/c837a6_0fd9f3b5fb8f40df906d6cca43f4e4fd_mv2.jpg/v1/fill/w_180,h_180,al_c,q_80,usm_0.66_1.00_0.01,blur_3,enc_auto/shutterstock_1338703055-cropped.jpg]
[static.wixstatic.com/media/c837a6_eed8109e32f443aab7d119e5b60b0420_mv2.jpg/v1/fill/w_180,h_180,al_c,q_80,usm_0.66_1.00_0.01,blur_3,enc_auto/shutterstock_1134398381-cropped.jpg]
[cfo268.wixsite.com/_https_/images-vod.wixmp.com/84770f67-ecbd-44b6-b35a-584f2dc15af1/images/75ff3e141ff24d51901235013279c76a_mv2/v1/fill/w_670,h_377,q_85,usm_0.66_1.00_0.01,enc_auto/file.14.delayed]
[static.wixstatic.com/media/84770f_702e77f7c5804b2aba65d437a7cf7c59_mv2.png/v1/fill/w_123,h_66,al_c,q_85,usm_0.66_1.00_0.01,blur_2,enc_auto/84770f_702e77f7c5804b2aba65d437a7cf7c59_mv2.png]
[cfo268.wixsite.com/my-site-19b81e.html]
[static.wixstatic.com/media/c837a6_e784886e4ea94c799191e9afbb9479a7_mv2.jpg/v1/fill/w_123,h_82,al_c,q_80,usm_0.66_1.00_0.01,blur_2,enc_auto/c837a6_e784886e4ea94c799191e9afbb9479a7_mv2.jpg]
[cfo268.wixsite.com/my-site-19/meditation-paths.html]
[cfo268.wixsite.com/my-site-19/virtual-classes.html]
[browser.sentry-cdn.com/6.18.2/bundle.min.js]
[cfo268.wixsite.com/my-site-19/blog.html]
[cfo268.wixsite.com/sitemap.1c.delayed]
[cfo268.wixsite.com/feed.1d.delayed]
[cfo268.wixsite.com/${n.1e.delayed]
[static.parastorage.com/services/wix-thunderbolt/dist/thunderbolt-commons.9ac2081b.bundle.min.js]
[static.parastorage.com/services/wix-thunderbolt/dist/main.6f6480a3.bundle.min.js]
[static.parastorage.com/unpkg/lodash@4.17.21/lodash.min.js]
[static.parastorage.com/unpkg/react@16.14.0/umd/react.production.min.js]
[static.parastorage.com/unpkg/react-dom@16.14.0/umd/react-dom.production.min.js]
[cfo268.wixsite.com/decodeURIComponent(e.24.delayed]
[static.parastorage.com/services/tag-manager-client/1.820.0/siteTags.bundle.min.js]
[cfo268.wixsite.com/my-site-19.html]
[cfo268.wixsite.com/index.html]
[static.parastorage.com/services/wix-perf-measure/1.1095.0/wix-perf-measure.umd.min.js]
[static.parastorage.com/services/pricing-plans-tpa/1.3459.0/client-viewer/8338.chunk.min.js]
[static.parastorage.com/services/pricing-plans-tpa/1.3459.0/client-viewer/1655.chunk.min.js]
[static.parastorage.com/services/pricing-plans-tpa/1.3459.0/client-viewer/7491.chunk.min.js]
[static.parastorage.com/services/pricing-plans-tpa/1.3459.0/client-viewer/Widget.chunk.min.js]
[static.parastorage.com/services/pricing-plans-tpa/1.3459.0/client-viewer/3508.chunk.min.js]
[static.parastorage.com/services/pricing-plans-tpa/1.3459.0/client-viewer/List.chunk.min.js]
[cfo268.wixsite.com/my-site-19/robots.2d.delayed]
[cfo268.wixsite.com/my-site-19/sitemap.2e.delayed]
[cfo268.wixsite.com/my-site-19/feed.2f.delayed]
[cfo268.wixsite.com/my-site-19/${n.30.delayed]
[cfo268.wixsite.com/my-site-19/decodeURIComponent(e.31.delayed]
[cfo268.wixsite.com/my-site-19/memberships.html]
[cfo268.wixsite.com/my-site-19/cart-page.html]
[static.wixstatic.com/media/c837a6_05275eeeb7184939a36ad10f44ecfa29_mv2.jpg/v1/crop/x_0,y_209,w_6022,h_3598/fill/w_442,h_256,al_c,q_80,usm_0.66_1.00_0.01,enc_auto/shutterstock_1523325020.jpg]
[static.wixstatic.com/media/c837a6_d70eb32081204714b48a87db46fe96e1_mv2.jpg/v1/crop/x_2047,y_0,w_3343,h_4480/fill/w_149,h_190,al_c,q_80,usm_0.66_1.00_0.01,enc_auto/shutterstock_1715225077.jpg]
[static.wixstatic.com/media/c837a6_37aa931550e9481a9d0efc86d78f9d2a_mv2.jpg/v1/crop/x_493,y_0,w_1155,h_2000/fill/w_95,h_172,al_c,q_80,usm_0.66_1.00_0.01,enc_auto/shutterstock_1243651420_edited.jpg]
[static.wixstatic.com/media/c837a6_bf7d61d507f74f42990805ce9a3877f9_mv2.png/v1/fill/w_49,h_18,al_c,q_85,usm_0.66_1.00_0.01,blur_2,enc_auto/c837a6_bf7d61d507f74f42990805ce9a3877f9_mv2.png]
[cfo268.wixsite.com/my-site-19/our-approach.html]
[cfo268.wixsite.com/_https_/images-vod.wixmp.com/c837a6d8-f31f-4e14-9740-9122ecf7eb53/images/7b29db552ef6467d8af3aae4f2a2c86c_mv2/v1/fill/w_320,h_180,q_85,usm_0.66_1.00_0.01,enc_auto/file.html]
[cfo268.wixsite.com/_https_/images-vod.wixmp.com/c837a6d8-f31f-4e14-9740-9122ecf7eb53/images/e14ed8631a704c1e893f2d6c5bda2446_mv2/v1/fill/w_320,h_180,q_85,usm_0.66_1.00_0.01,enc_auto/file.html]
[cfo268.wixsite.com/_https_/images-vod.wixmp.com/c837a6d8-f31f-4e14-9740-9122ecf7eb53/images/012245021de948278f93179654f9652b_mv2/v1/fill/w_320,h_180,q_85,usm_0.66_1.00_0.01,enc_auto/file.html]
[cfo268.wixsite.com/_https_/images-vod.wixmp.com/84770f67-ecbd-44b6-b35a-584f2dc15af1/images/75ff3e141ff24d51901235013279c76a_mv2/v1/fill/w_670,h_377,q_85,usm_0.66_1.00_0.01,enc_auto/file.html]
[cfo268.wixsite.com/my-site-19b81e.html]
[cfo268.wixsite.com/_https_/images-vod.wixmp.com/c837a6d8-f31f-4e14-9740-9122ecf7eb53/images/cd9675edef284bc8a7ed95603f236aba_mv2/v1/fill/w_320,h_180,q_85,usm_0.66_1.00_0.01,enc_auto/file.jpg_]
[cfo268.wixsite.com/my-site-19/virtual-classes.html]
[cfo268.wixsite.com/my-site-19/_https_/images-vod.wixmp.com/c837a6d8-f31f-4e14-9740-9122ecf7eb53/images/7b29db552ef6467d8af3aae4f2a2c86c_mv2/v1/fill/w_275,h_155,q_85,usm_0.66_1.00_0.01,enc_au/file.38.delaye]
[cfo268.wixsite.com/my-site-19/_https_/images-vod.wixmp.com/c837a6d8-f31f-4e14-9740-9122ecf7eb53/images/d30f1fab10f544908ee15116f4a9e994_mv2/v1/fill/w_275,h_155,q_85,usm_0.66_1.00_0.01,enc_au/file.37.delaye]
[cfo268.wixsite.com/my-site-19/_https_/images-vod.wixmp.com/c837a6d8-f31f-4e14-9740-9122ecf7eb53/images/0d420846a7c14bb7aecfd08e39601298_mv2/v1/fill/w_275,h_155,q_85,usm_0.66_1.00_0.01,enc_au/file.36.delaye]
[cfo268.wixsite.com/my-site-19/_https_/images-vod.wixmp.com/c837a6d8-f31f-4e14-9740-9122ecf7eb53/images/e14ed8631a704c1e893f2d6c5bda2446_mv2/v1/fill/w_275,h_155,q_85,usm_0.66_1.00_0.01,enc_au/file.39.delaye]
[cfo268.wixsite.com/my-site-19/_https_/images-vod.wixmp.com/c837a6d8-f31f-4e14-9740-9122ecf7eb53/images/cd9675edef284bc8a7ed95603f236aba_mv2/v1/fill/w_275,h_155,q_85,usm_0.66_1.00_0.01,enc_au/file.3a.delaye]
[cfo268.wixsite.com/my-site-19/_https_/images-vod.wixmp.com/c837a6d8-f31f-4e14-9740-9122ecf7eb53/images/012245021de948278f93179654f9652b_mv2/v1/fill/w_275,h_155,q_85,usm_0.66_1.00_0.01,enc_au/file.3b.delaye]
[cfo268.wixsite.com/my-site-19/challenge-page/c2489f35-c25e-4790-a4e2-0346f9362b3b.html]
[cfo268.wixsite.com/my-site-19/challenge-page/6542da5c-2bed-40c8-8399-183533322990.html]
[cfo268.wixsite.com/my-site-19/meditation-paths.html]
[cfo268.wixsite.com/my-site-19/challenge-page/dc612f5c-d151-41f3-866c-8feea1e723da.html]
[static.parastorage.com/services/wix-thunderbolt/dist/originTrials.41d7301a.bundle.min.js]
[cfo268.wixsite.com/my-site-19/blog.html]
[cfo268.wixsite.com/sitemap.html]
[cfo268.wixsite.com/feed.html]
[cfo268.wixsite.com/${n.html]
[cfo268.wixsite.com/decodeURIComponent(e.html]
[cfo268.wixsite.com/my-site-19/robots.html]
[cfo268.wixsite.com/my-site-19/sitemap.html]
[cfo268.wixsite.com/my-site-19/feed.html]
[cfo268.wixsite.com/my-site-19/${n.html]
[cfo268.wixsite.com/my-site-19/decodeURIComponent(e.html]
[cfo268.wixsite.com/_https_/images-vod.wixmp.com/c837a6d8-f31f-4e14-9740-9122ecf7eb53/images/cd9675edef284bc8a7ed95603f236aba_mv2/v1/fill/w_320,h_180,q_85,usm_0.66_1.00_0.01,enc_auto/file.jpg_]
[cfo268.wixsite.com/my-site-19/_https_/images-vod.wixmp.com/c837a6d8-f31f-4e14-9740-9122ecf7eb53/images/0d420846a7c14bb7aecfd08e39601298_mv2/v1/fill/w_275,h_155,q_85,usm_0.66_1.00_0.01,enc_au/file.36.delaye]
[cfo268.wixsite.com/my-site-19/_https_/images-vod.wixmp.com/c837a6d8-f31f-4e14-9740-9122ecf7eb53/images/d30f1fab10f544908ee15116f4a9e994_mv2/v1/fill/w_275,h_155,q_85,usm_0.66_1.00_0.01,enc_au/file.37.delaye]
[cfo268.wixsite.com/my-site-19/_https_/images-vod.wixmp.com/c837a6d8-f31f-4e14-9740-9122ecf7eb53/images/7b29db552ef6467d8af3aae4f2a2c86c_mv2/v1/fill/w_275,h_155,q_85,usm_0.66_1.00_0.01,enc_au/file.38.delaye]
[cfo268.wixsite.com/my-site-19/_https_/images-vod.wixmp.com/c837a6d8-f31f-4e14-9740-9122ecf7eb53/images/e14ed8631a704c1e893f2d6c5bda2446_mv2/v1/fill/w_275,h_155,q_85,usm_0.66_1.00_0.01,enc_au/file.39.delaye]
[cfo268.wixsite.com/my-site-19/_https_/images-vod.wixmp.com/c837a6d8-f31f-4e14-9740-9122ecf7eb53/images/cd9675edef284bc8a7ed95603f236aba_mv2/v1/fill/w_275,h_155,q_85,usm_0.66_1.00_0.01,enc_au/file.3a.delaye]
[cfo268.wixsite.com/my-site-19/_https_/images-vod.wixmp.com/c837a6d8-f31f-4e14-9740-9122ecf7eb53/images/012245021de948278f93179654f9652b_mv2/v1/fill/w_275,h_155,q_85,usm_0.66_1.00_0.01,enc_au/file.3b.delaye]
[static.parastorage.com/services/challenges-web-ooi/1.2168.1264/client-viewer/3666.chunk.min.js]
[static.parastorage.com/services/challenges-web-ooi/1.2168.1264/client-viewer/2527.chunk.min.js]
[static.parastorage.com/services/challenges-web-ooi/1.2168.1264/client-viewer/4435.chunk.min.js]
[cfo268.wixsite.com/my-site-19/challenge-page/sitemap.44.delayed]
[cfo268.wixsite.com/my-site-19/challenge-page/robots.html]
[cfo268.wixsite.com/my-site-19/challenge-page/feed.45.delayed]
[cfo268.wixsite.com/my-site-19/challenge-page/${n.html]
[cfo268.wixsite.com/my-site-19/challenge-page/c2489f35-c25e-4790-a4e2-0346f9362b3b.html]
[cfo268.wixsite.com/my-site-19/challenge-page/6542da5c-2bed-40c8-8399-183533322990.html]
[cfo268.wixsite.com/my-site-19/challenge-page/dc612f5c-d151-41f3-866c-8feea1e723da.html]
[cfo268.wixsite.com/my-site-19/challenge-page/robots.html]
[cfo268.wixsite.com/my-site-19/challenge-page/sitemap.html]
[cfo268.wixsite.com/my-site-19/challenge-page/feed.html]
[cfo268.wixsite.com/my-site-19/challenge-page/${n.html]
[cfo268.wixsite.com/my-site-19/challenge-page/decodeURIComponent(e.html]
[cfo268.wixsite.com/my-site-19/challenge-page/decodeURIComponent(e.html]
